error: variable declared with type underscore
  --> $DIR/let_with_type_underscore.rs:19:5
   |
LL |     let x: _ = 1;
   |     ^^^^^^^^^^^^^
   |
help: remove the explicit type `_` declaration
  --> $DIR/let_with_type_underscore.rs:19:10
   |
LL |     let x: _ = 1;
   |          ^^^
   = note: `-D clippy::let-with-type-underscore` implied by `-D warnings`
   = help: to override `-D warnings` add `#[allow(clippy::let_with_type_underscore)]`

error: variable declared with type underscore
  --> $DIR/let_with_type_underscore.rs:20:5
   |
LL |     let _: _ = 2;
   |     ^^^^^^^^^^^^^
   |
help: remove the explicit type `_` declaration
  --> $DIR/let_with_type_underscore.rs:20:10
   |
LL |     let _: _ = 2;
   |          ^^^

error: variable declared with type underscore
  --> $DIR/let_with_type_underscore.rs:21:5
   |
LL |     let x: _ = func();
   |     ^^^^^^^^^^^^^^^^^^
   |
help: remove the explicit type `_` declaration
  --> $DIR/let_with_type_underscore.rs:21:10
   |
LL |     let x: _ = func();
   |          ^^^

error: variable declared with type underscore
  --> $DIR/let_with_type_underscore.rs:22:5
   |
LL |     let x: _;
   |     ^^^^^^^^^
   |
help: remove the explicit type `_` declaration
  --> $DIR/let_with_type_underscore.rs:22:10
   |
LL |     let x: _;
   |          ^^^

error: variable declared with type underscore
  --> $DIR/let_with_type_underscore.rs:29:5
   |
LL |     let x : _ = 1;
   |     ^^^^^^^^^^^^^^
   |
help: remove the explicit type `_` declaration
  --> $DIR/let_with_type_underscore.rs:29:10
   |
LL |     let x : _ = 1;
   |          ^^^^

error: aborting due to 5 previous errors

